---
source: vercre-holder/src/issuance.rs
assertion_line: 551
expression: "&request"
---
format: jwt_vc_json
proof:
  proof_type: eyJhbGciOiJFZERTQSIsInR5cCI6Im9wZW5pZHZjaS1wcm9vZitqd3QiLCJraWQiOiJkaWQ6andrOmV5SmpjbllpT2lKWU1qVTFNVGtpTENKcmRIa2lPaUpQUzFBaUxDSjFjMlVpT2lKbGJtTWlMQ0o0SWpvaU0weG5PWGwyYVVGdFZFUkRkVlpQZVV4WVNUTnNjVGxUTW5CSWJUY3plWEl6ZDNkQmEycDNRMEZvZHlKOSMwIn0.eyJpc3MiOiJkaWQ6andrOmV5SmpjbllpT2lKWU1qVTFNVGtpTENKcmRIa2lPaUpQUzFBaUxDSjFjMlVpT2lKbGJtTWlMQ0o0SWpvaU0weG5PWGwyYVVGdFZFUkRkVlpQZVV4WVNUTnNjVGxUTW5CSWJUY3plWEl6ZDNkQmEycDNRMEZvZHlKOSIsImF1ZCI6Imh0dHA6Ly92ZXJjcmUuaW8iLCJpYXQiOjE3MTc1NDYxNjcsIm5vbmNlIjoiIn0
  jwt: eyJhbGciOiJFZERTQSIsInR5cCI6Im9wZW5pZHZjaS1wcm9vZitqd3QiLCJraWQiOiJkaWQ6andrOmV5SmpjbllpT2lKWU1qVTFNVGtpTENKcmRIa2lPaUpQUzFBaUxDSjFjMlVpT2lKbGJtTWlMQ0o0SWpvaU0weG5PWGwyYVVGdFZFUkRkVlpQZVV4WVNUTnNjVGxUTW5CSWJUY3plWEl6ZDNkQmEycDNRMEZvZHlKOSMwIn0.eyJpc3MiOiJkaWQ6andrOmV5SmpjbllpT2lKWU1qVTFNVGtpTENKcmRIa2lPaUpQUzFBaUxDSjFjMlVpT2lKbGJtTWlMQ0o0SWpvaU0weG5PWGwyYVVGdFZFUkRkVlpQZVV4WVNUTnNjVGxUTW5CSWJUY3plWEl6ZDNkQmEycDNRMEZvZHlKOSIsImF1ZCI6Imh0dHA6Ly92ZXJjcmUuaW8iLCJpYXQiOjE3MTc1NDYxNjcsIm5vbmNlIjoiIn0.9sxD8XjleXc_9DplBwAKO-ztXq0uIqxYnl8h6AYyGg5wZaEINelsIbnB1a_Zg5oIwL1nO6tTDk_dRl85VobBDg
credential_identifier: EmployeeID_JWT
credential_definition:
  "@context":
    - "https://www.w3.org/2018/credentials/v1"
    - "https://www.w3.org/2018/credentials/examples/v1"
  type:
    - VerifiableCredential
    - EmployeeIDCredential
  credentialSubject:
    email:
      mandatory: true
      value_type: string
      display:
        - name: Email
          locale: en-NZ
    familyName:
      mandatory: true
      value_type: string
      display:
        - name: Family name
          locale: en-NZ
    givenName:
      mandatory: true
      value_type: string
      display:
        - name: Given name
          locale: en-NZ
