---
source: vercre-holder/src/issuance.rs
assertion_line: 511
expression: "&p"
---
proof_type: eyJhbGciOiJFZERTQSIsInR5cCI6Im9wZW5pZHZjaS1wcm9vZitqd3QiLCJraWQiOiJkaWQ6andrOmV5SmpjbllpT2lKWU1qVTFNVGtpTENKcmRIa2lPaUpQUzFBaUxDSjFjMlVpT2lKbGJtTWlMQ0o0SWpvaU0weG5PWGwyYVVGdFZFUkRkVlpQZVV4WVNUTnNjVGxUTW5CSWJUY3plWEl6ZDNkQmEycDNRMEZvZHlKOSMwIn0.eyJpc3MiOiJkaWQ6andrOmV5SmpjbllpT2lKWU1qVTFNVGtpTENKcmRIa2lPaUpQUzFBaUxDSjFjMlVpT2lKbGJtTWlMQ0o0SWpvaU0weG5PWGwyYVVGdFZFUkRkVlpQZVV4WVNUTnNjVGxUTW5CSWJUY3plWEl6ZDNkQmEycDNRMEZvZHlKOSIsImF1ZCI6Imh0dHA6Ly92ZXJjcmUuaW8iLCJpYXQiOjE3MTc1NDYxNjcsIm5vbmNlIjoiIn0
jwt: eyJhbGciOiJFZERTQSIsInR5cCI6Im9wZW5pZHZjaS1wcm9vZitqd3QiLCJraWQiOiJkaWQ6andrOmV5SmpjbllpT2lKWU1qVTFNVGtpTENKcmRIa2lPaUpQUzFBaUxDSjFjMlVpT2lKbGJtTWlMQ0o0SWpvaU0weG5PWGwyYVVGdFZFUkRkVlpQZVV4WVNUTnNjVGxUTW5CSWJUY3plWEl6ZDNkQmEycDNRMEZvZHlKOSMwIn0.eyJpc3MiOiJkaWQ6andrOmV5SmpjbllpT2lKWU1qVTFNVGtpTENKcmRIa2lPaUpQUzFBaUxDSjFjMlVpT2lKbGJtTWlMQ0o0SWpvaU0weG5PWGwyYVVGdFZFUkRkVlpQZVV4WVNUTnNjVGxUTW5CSWJUY3plWEl6ZDNkQmEycDNRMEZvZHlKOSIsImF1ZCI6Imh0dHA6Ly92ZXJjcmUuaW8iLCJpYXQiOjE3MTc1NDYxNjcsIm5vbmNlIjoiIn0.9sxD8XjleXc_9DplBwAKO-ztXq0uIqxYnl8h6AYyGg5wZaEINelsIbnB1a_Zg5oIwL1nO6tTDk_dRl85VobBDg
