---
source: vercre-holder/src/issuance.rs
assertion_line: 507
expression: "&p"
---
proof_type: eyJhbGciOiJFZERTQSIsImtpZCI6ImRpZDpqd2s6ZXlKcmRIa2lPaUpQUzFBaUxDSmpjbllpT2lKWU1qVTFNVGtpTENKMWMyVWlPaUpsYm1NaUxDSjRJam9pTTB4bk9YbDJhVUZ0VkVSRGRWWlBlVXhZU1ROc2NUbFRNbkJJYlRjemVYSXpkM2RCYTJwM1EwRm9keUo5IzAiLCJ0eXAiOiJvcGVuaWQ0dmNpLXByb29mK2p3dCJ9.eyJpc3MiOiJkaWQ6andrOmV5SnJkSGtpT2lKUFMxQWlMQ0pqY25ZaU9pSllNalUxTVRraUxDSjFjMlVpT2lKbGJtTWlMQ0o0SWpvaU0weG5PWGwyYVVGdFZFUkRkVlpQZVV4WVNUTnNjVGxUTW5CSWJUY3plWEl6ZDNkQmEycDNRMEZvZHlKOSIsImF1ZCI6Imh0dHA6Ly92ZXJjcmUuaW8iLCJpYXQiOjE3MTc1NDYxNjcsIm5vbmNlIjoiIn0
jwt: eyJhbGciOiJFZERTQSIsImtpZCI6ImRpZDpqd2s6ZXlKcmRIa2lPaUpQUzFBaUxDSmpjbllpT2lKWU1qVTFNVGtpTENKMWMyVWlPaUpsYm1NaUxDSjRJam9pTTB4bk9YbDJhVUZ0VkVSRGRWWlBlVXhZU1ROc2NUbFRNbkJJYlRjemVYSXpkM2RCYTJwM1EwRm9keUo5IzAiLCJ0eXAiOiJvcGVuaWQ0dmNpLXByb29mK2p3dCJ9.eyJpc3MiOiJkaWQ6andrOmV5SnJkSGtpT2lKUFMxQWlMQ0pqY25ZaU9pSllNalUxTVRraUxDSjFjMlVpT2lKbGJtTWlMQ0o0SWpvaU0weG5PWGwyYVVGdFZFUkRkVlpQZVV4WVNUTnNjVGxUTW5CSWJUY3plWEl6ZDNkQmEycDNRMEZvZHlKOSIsImF1ZCI6Imh0dHA6Ly92ZXJjcmUuaW8iLCJpYXQiOjE3MTc1NDYxNjcsIm5vbmNlIjoiIn0.Vmt93Wd_h7DwoSeuo9fBB9HjRONN0cOcBXSCxVW-MbnFE4c78nrDbWcL8tC8_C0aktvXHb7n0wtIqrL2mr6ADQ
