---
source: vercre-holder/src/issuance.rs
assertion_line: 507
expression: "&request"
---
format: jwt_vc_json
proof:
  proof_type: jwt
  jwt: eyJhbGciOiJFZERTQSIsInR5cCI6Im9wZW5pZHZjaS1wcm9vZitqd3QiLCJraWQiOiJkaWQ6andrOmV5SmpjbllpT2lKWU1qVTFNVGtpTENKcmRIa2lPaUpQUzFBaUxDSjFjMlVpT2lKbGJtTWlMQ0o0SWpvaU0weG5PWGwyYVVGdFZFUkRkVlpQZVV4WVNUTnNjVGxUTW5CSWJUY3plWEl6ZDNkQmEycDNRMEZvZHlKOSMwIn0.eyJpc3MiOiI5NmJmYjljYi0wNTEzLTdkNjQtNTUzMi1iZWQ3NGM0OGY5YWIiLCJhdWQiOiJodHRwOi8vdmVyY3JlLmlvIiwiaWF0IjoxNzE3NTQ2MTY3fQ.u8WKFDS8t4vPjzJobdAIZ0p9gwKZZL3QVoayNzW1_yqkM5R-v6CwKg86wkB_1QzaSjX12HhEWLorj5nZf7gYAg
credential_identifier: EmployeeID_JWT
credential_definition:
  "@context":
    - "https://www.w3.org/2018/credentials/v1"
    - "https://www.w3.org/2018/credentials/examples/v1"
  type:
    - VerifiableCredential
    - EmployeeIDCredential
  credentialSubject:
    email:
      mandatory: true
      value_type: string
      display:
        - name: Email
          locale: en-NZ
    familyName:
      mandatory: true
      value_type: string
      display:
        - name: Family name
          locale: en-NZ
    givenName:
      mandatory: true
      value_type: string
      display:
        - name: Given name
          locale: en-NZ
