---
source: vercre-issuer/src/create_offer.rs
assertion_line: 284
expression: "&state"
---
expires_at: "[expires_at]"
current_step:
  pre_authorized:
    subject_id: normal_user
    authorized:
      - type: openid_credential
        credential_configuration_id: EmployeeID_JWT
        credential_identifiers:
          - PHLEmployeeID
    tx_code: "[tx_code]"
