---
source: vercre-issuer/src/deferred.rs
assertion_line: 180
expression: vc
---
"@context":
  - "https://www.w3.org/2018/credentials/v1"
  - "http://vercre.io/credentials/v1"
id: "http://vercre.io/credentials/EmployeeIDCredential"
type:
  - VerifiableCredential
  - EmployeeIDCredential
name:
  "@value": Employee ID
  "@language": en-NZ
description:
  "@value": Vercre employee ID credential
  "@language": en-NZ
issuer: "http://vercre.io"
issuanceDate: "[issuanceDate]"
credentialSubject:
  address:
    locality: Wellington
    street_address: 123 Fake St
  email: normal.user@example.com
  family_name: Person
  given_name: Normal
  id: "did:key:z6Mkj8Jr1rg3YjVWWhg7ahEYJibqhjBgZt1pDCbT4Lv7D4HX"
