---
source: vercre-issuer/src/authorize.rs
assertion_line: 515
expression: state
---
expires_at: "[expires_at]"
credential_issuer: "http://vercre.io"
client_id: 96bfb9cb-0513-7d64-5532-bed74c48f9ab
credential_configuration_ids:
  - EmployeeID_JWT
subject_id: normal_user
auth:
  redirect_uri: "http://localhost:3000/callback"
  code_challenge: "[code_challenge]"
  code_challenge_method: S256
  scope: EmployeeIDCredential
