---
source: vercre-issuer/src/authorize.rs
assertion_line: 443
expression: state
---
expires_at: "[expires_at]"
credential_issuer: "http://vercre.io"
client_id: 96bfb9cb-0513-7d64-5532-bed74c48f9ab
credential_identifiers:
  - EmployeeID_JWT
flow:
  auth_code:
    redirect_uri: "http://localhost:3000/callback"
    code_challenge: B6qi8EPWVTnONnO8XNSAsN7O2ejthn3pCKwZUO0HzU8
    code_challenge_method: S256
    authorization_details:
      - type: openid_credential
        format: jwt_vc_json
        credential_definition:
          type:
            - VerifiableCredential
            - EmployeeIDCredential
          credentialSubject: {}
subject_id: normal_user
