---
source: src/verifier/create_request.rs
assertion_line: 219
expression: response
---
request_object:
  response_type: vp_token
  client_id: "http://localhost:8080/callback"
  nonce: "[nonce]"
  state: "[state]"
  presentation_definition: "[presentation_definition]"
  client_id_scheme: redirect_uri
  client_metadata: "[client_metadata]"
