---
source: vercre-verifier/src/metadata.rs
assertion_line: 52
expression: response
---
client_id: "http://localhost:8080"
redirect_uris:
  - "http://localhost:3000/callback"
response_types:
  - vp_token
  - id_token vp_token
client_name: Verifier
vp_formats:
  jwt_vc_json:
    alg:
      - ES256K
    proof_type:
      - JsonWebSignature2020
