---
source: vercre-verifier/src/request_object.rs
assertion_line: 121
expression: jwt
---
header:
  alg: EdDSA
  typ: oauth-authz-req+jwt
  kid: "did:web:demo.credibil.io#key-0"
claims:
  response_type: vp_token
  client_id: "http://vercre.io/post"
  response_mode: direct_post
  response_uri: "http://vercre.io/post"
  nonce: "1234567890"
  state: ABCDEF123456
  presentation_definition:
    id: ""
    input_descriptors: []
  client_id_scheme: redirect_uri
  client_metadata: "{\"client_id\":\"\"}"
