---
source: crates/did/src/web/resolver.rs
assertion_line: 148
expression: resolved.document
---
{
  "@context": [
    "https://www.w3.org/ns/did/v1",
    "https://w3id.org/security/data-integrity/v1"
  ],
  "id": "did:web:demo.credibil.io",
  "verificationMethod": [
    {
      "id": "did:web:demo.credibil.io#key-0",
      "type": "Multikey",
      "controller": "did:web:demo.credibil.io",
      "publicKeyMultibase": "z6MkqYXgAGReqa7WcDmWhQYEg5Ka7BtZSCHE7Dbj7eDxN1ZX"
    }
  ],
  "authentication": [
    "did:web:demo.credibil.io#key-0"
  ],
  "assertionMethod": [
    "did:web:demo.credibil.io#key-0"
  ],
  "capabilityInvocation": [
    "did:web:demo.credibil.io#key-0"
  ],
  "capabilityDelegation": [
    "did:web:demo.credibil.io#key-0"
  ],
  "keyAgreement": [
    {
      "id": "did:web:demo.credibil.io#z6LSkDKBEUY9fkd4RAave1m2oJMT8AtQWKPjUVYR11qC7U9U",
      "type": "Multikey",
      "controller": "did:web:demo.credibil.io",
      "publicKeyMultibase": "z6LSkDKBEUY9fkd4RAave1m2oJMT8AtQWKPjUVYR11qC7U9U"
    }
  ]
}
