---
source: src/oid4vci/types/token.rs
assertion_line: 362
expression: "&req"
---
client_id: "1234"
grant_type: "urn:ietf:params:oauth:grant-type:pre-authorized_code"
pre-authorized_code: WQHhDmQ3ZygxyOPlBjunlA
tx_code: "111222"
authorization_details:
  - type: openid_credential
    credential_configuration_id: EmployeeID_JWT
    locations:
      - "https://example.com"
    claims:
      - path:
          - credentialSubject
          - given_name
      - path:
          - credentialSubject
          - family_name
      - path:
          - credentialSubject
          - email
      - path:
          - credentialSubject
          - address
      - path:
          - credentialSubject
          - address
          - street_address
      - path:
          - credentialSubject
          - address
          - locality
      - path:
          - credentialSubject
          - address
          - region
      - path:
          - credentialSubject
          - address
          - country
client_assertion_type: "urn:ietf:params:oauth:client-assertion-type:jwt-bearer"
client_assertion: Ezie91o7DuPsA2PCLOtRUg
