---
source: src/oid4vci/types/credential.rs
assertion_line: 544
expression: "&default"
---
- CredentialSubject.address
- CredentialSubject.address.country
- CredentialSubject.address.locality
- CredentialSubject.address.region
- CredentialSubject.address.street_address
- CredentialSubject.email
- CredentialSubject.family_name
- CredentialSubject.given_name
