---
source: vercre-wallet/src/issuance.rs
assertion_line: 511
expression: "&p"
---
proof_type: eyJhbGciOiJFZERTQSIsImtpZCI6ImRpZDpqd2s6ZXlKamNuWWlPaUpZTWpVMU1Ua2lMQ0pyZEhraU9pSlBTMUFpTENKMWMyVWlPaUpsYm1NaUxDSjRJam9pTTB4bk9YbDJhVUZ0VkVSRGRWWlBlVXhZU1ROc2NUbFRNbkJJYlRjemVYSXpkM2RCYTJwM1EwRm9keUo5IzAiLCJ0eXAiOiJ2ZXJjcmUtdmNpLXByb29mK2p3dCJ9.eyJpc3MiOiJkaWQ6andrOmV5SmpjbllpT2lKWU1qVTFNVGtpTENKcmRIa2lPaUpQUzFBaUxDSjFjMlVpT2lKbGJtTWlMQ0o0SWpvaU0weG5PWGwyYVVGdFZFUkRkVlpQZVV4WVNUTnNjVGxUTW5CSWJUY3plWEl6ZDNkQmEycDNRMEZvZHlKOSIsImF1ZCI6Imh0dHA6Ly92ZXJjcmUuaW8iLCJpYXQiOjE3MTc1NDYxNjcsIm5vbmNlIjoiIn0
jwt: eyJhbGciOiJFZERTQSIsImtpZCI6ImRpZDpqd2s6ZXlKamNuWWlPaUpZTWpVMU1Ua2lMQ0pyZEhraU9pSlBTMUFpTENKMWMyVWlPaUpsYm1NaUxDSjRJam9pTTB4bk9YbDJhVUZ0VkVSRGRWWlBlVXhZU1ROc2NUbFRNbkJJYlRjemVYSXpkM2RCYTJwM1EwRm9keUo5IzAiLCJ0eXAiOiJ2ZXJjcmUtdmNpLXByb29mK2p3dCJ9.eyJpc3MiOiJkaWQ6andrOmV5SmpjbllpT2lKWU1qVTFNVGtpTENKcmRIa2lPaUpQUzFBaUxDSjFjMlVpT2lKbGJtTWlMQ0o0SWpvaU0weG5PWGwyYVVGdFZFUkRkVlpQZVV4WVNUTnNjVGxUTW5CSWJUY3plWEl6ZDNkQmEycDNRMEZvZHlKOSIsImF1ZCI6Imh0dHA6Ly92ZXJjcmUuaW8iLCJpYXQiOjE3MTc1NDYxNjcsIm5vbmNlIjoiIn0.OtegK3IHfYu3IH4qXe075JfAKFMr28vK6IntgMB4o6A75yJTtE9_nUT2J72pJEAjPJte_suT0r5DUeqpOjHSCQ
