---
source: vercre-wallet/src/issuance.rs
assertion_line: 481
expression: "&jwt"
---
header:
  alg: EdDSA
  kid: "did:jwk:eyJrdHkiOiJFQyIsImNydiI6InNlY3AyNTZrMSIsIngiOiJKSnpQaTRxeTJydktTVk85RjItMDVWV2VYMm9oc3dYN1NUbzg3TUdxcVB3IiwieSI6IkMxUnRGbnFXOWxOTEI1ejcycG9uMTIzZHh2MWtEcVUzUWw1QjhzMFdjXzQifQ#0"
  typ: vercre-vci-proof+jwt
claims:
  iss: "did:jwk:eyJrdHkiOiJFQyIsImNydiI6InNlY3AyNTZrMSIsIngiOiJKSnpQaTRxeTJydktTVk85RjItMDVWV2VYMm9oc3dYN1NUbzg3TUdxcVB3IiwieSI6IkMxUnRGbnFXOWxOTEI1ejcycG9uMTIzZHh2MWtEcVUzUWw1QjhzMFdjXzQifQ"
  aud: ""
  iat: "[timestamp]"
  nonce: ""
