---
source: vercre-vp/src/endpoint/invoke.rs
assertion_line: 267
expression: response
---
request_object:
  response_type: vp_token
  client_id: "http://credibil.io/callback"
  nonce: "[nonce]"
  state: "[state]"
  presentation_definition: "[presentation_definition]"
  client_id_scheme: redirect_uri
  client_metadata: "[client_metadata]"

