---
source: vercre-holder/tests/encode_token.rs
assertion_line: 87
expression: token_request
snapshot_kind: text
---
credential_issuer: "http://vercre.io"
client_id: 96bfb9cb-0513-7d64-5532-bed74c48f9ab
grant_type: "urn:ietf:params:oauth:grant-type:pre-authorized_code"
pre-authorized_code: WVBjNlhKdCh1SGlOV3ZrSXNPV3E3XlM5UiRBM1g5Rlg
tx_code: "278359"
authorization_details:
  - type: openid_credential
    credential_configuration_id: EmployeeID_JWT
    credential_definition:
      credentialSubject:
        given_name:
          mandatory: true
          value_type: string
          display:
            - name: Given name
              locale: en-NZ
        family_name:
          mandatory: true
          value_type: string
          display:
            - name: Family name
              locale: en-NZ
        address:
          street_address:
            value_type: string
            display:
              - name: Street Address
                locale: en-NZ
          country:
            value_type: string
            display:
              - name: Country
                locale: en-NZ
          locality:
            value_type: string
            display:
              - name: Locality
                locale: en-NZ
          region:
            value_type: string
            display:
              - name: Region
                locale: en-NZ
        email:
          mandatory: true
          value_type: string
          display:
            - name: Email
              locale: en-NZ
