---
source: vercre-holder/tests/preauth_deferred.rs
assertion_line: 123
expression: credentials
---
- id: "http://vercre.io/credentials/EmployeeIDCredential"
  issuer: "http://vercre.io"
  issued: "[issued]"
  type:
    - EmployeeIDCredential
    - VerifiableCredential
  format:
    format: jwt_vc_json
    credential_definition:
      type:
        - VerifiableCredential
        - EmployeeIDCredential
      credentialSubject:
        address:
          country:
            value_type: string
            display:
              - name: Country
                locale: en-NZ
          locality:
            value_type: string
            display:
              - name: Locality
                locale: en-NZ
          region:
            value_type: string
            display:
              - name: Region
                locale: en-NZ
          street_address:
            value_type: string
            display:
              - name: Street Address
                locale: en-NZ
        email:
          mandatory: true
          value_type: string
          display:
            - name: Email
              locale: en-NZ
        family_name:
          mandatory: true
          value_type: string
          display:
            - name: Family name
              locale: en-NZ
        given_name:
          mandatory: true
          value_type: string
          display:
            - name: Given name
              locale: en-NZ
  claims:
    - address:
        locality: Wellington
        street_address: 123 Fake St
      email: pending.user@example.com
      family_name: Person
      given_name: Pending
      id: "did:key:z6Mkj8Jr1rg3YjVWWhg7ahEYJibqhjBgZt1pDCbT4Lv7D4HX"
  issuance_date: "[issuance_date]"
  display:
    - name: Employee ID
      locale: en-NZ
      logo:
        uri: "https://vercre.github.io/assets/employee.png"
        alt_text: Vercre Logo
      description: Vercre employee ID credential
      background_color: "#323ed2"
      background_image:
        uri: "https://vercre.github.io/assets/employee-background.png"
        alt_text: Vercre Background
      text_color: "#ffffff"
  logo:
    image: ""
    mediaType: ""
  background:
    image: ""
    mediaType: ""
