---
source: vercre-holder/tests/preauth_narrow.rs
assertion_line: 119
expression: credentials
---
- id: "http://vercre.io/credentials/DeveloperCredential"
  issuer: "http://vercre.io"
  vc:
    "@context":
      - "https://www.w3.org/2018/credentials/v1"
      - "http://vercre.io/credentials/v1"
    credentialSubject:
      family_name: Person
      given_name: Normal
      id: "did:key:z6Mkj8Jr1rg3YjVWWhg7ahEYJibqhjBgZt1pDCbT4Lv7D4HX"
      proficiency: "3"
    id: "http://vercre.io/credentials/DeveloperCredential"
    issuanceDate: "[issuanceDate]"
    issuer: "http://vercre.io"
    type:
      - VerifiableCredential
      - DeveloperCredential
  metadata:
    credential_definition:
      credentialSubject:
        family_name:
          mandatory: true
          value_type: string
          display:
            - name: Family name
              locale: en-NZ
        given_name:
          mandatory: true
          value_type: string
          display:
            - name: Given name
              locale: en-NZ
        proficiency:
          mandatory: true
          value_type: number
          display:
            - name: Proficiency
              locale: en-NZ
      type:
        - VerifiableCredential
        - DeveloperCredential
    credential_signing_alg_values_supported:
      - ES256K
      - EdDSA
    cryptographic_binding_methods_supported:
      - "did:key"
      - "did:web"
    display:
      - name: Developer
        locale: en-NZ
        logo:
          uri: "https://vercre.github.io/assets/developer.png"
          alt_text: Vercre Logo
        description: Vercre certified developer credential
        background_color: "#010100"
        background_image:
          uri: "https://vercre.github.io/assets/vercre-background.png"
          alt_text: Vercre Background
        text_color: "#ffffff"
    format: jwt_vc_json
    proof_types_supported:
      jwt:
        proof_signing_alg_values_supported:
          - ES256K
          - EdDSA
    scope: DeveloperCredential
  issued: "[issued]"
  logo:
    image: ""
    mediaType: ""
