---
source: vercre-holder/tests/preauth_narrow.rs
assertion_line: 123
expression: credentials
---
- id: "http://vercre.io/credentials/DeveloperCredential"
  issuer: "http://vercre.io"
  issued: "[issued]"
  type:
    - DeveloperCredential
    - VerifiableCredential
  format: jwt_vc_json
  subject_claims:
    - claims:
        family_name: Person
        given_name: Normal
        proficiency: "3"
      id: "did:key:z6Mkj8Jr1rg3YjVWWhg7ahEYJibqhjBgZt1pDCbT4Lv7D4HX"
  issuance_date: "[issuance_date]"
  display:
    - name: Developer
      locale: en-NZ
      logo:
        uri: "https://vercre.github.io/assets/developer.png"
        alt_text: Vercre Logo
      description: Vercre certified developer credential
      background_color: "#010100"
      background_image:
        uri: "https://vercre.github.io/assets/developer-background.png"
        alt_text: Vercre Background
      text_color: "#ffffff"
  logo:
    data: ""
    mediaType: ""
  background:
    data: ""
    mediaType: ""
