---
source: vercre-holder/tests/presentation.rs
assertion_line: 212
expression: presentation
---
presentation_id: "[presentation_id]"
status: Requested
credentials:
  - id: "https://example.com/credentials/3732"
    issuer: "https://vercre.io"
    issued: "[issued]"
    type:
      - EmployeeIDCredential
      - VerifiableCredential
    format: jwt_vc_json
    subject_claims:
      - claims:
          employeeId: "1234567890"
        id: "did:example:ebfeb1f712ebc6f1c276e12ec21"
    issuance_date: "[issuance_date]"
    valid_from: "2023-11-20T23:21:55Z"
    valid_until: "2033-12-20T23:21:55Z"
