---
source: vercre-holder/tests/presentation.rs
assertion_line: 170
expression: presentation
---
presentation_id: "[presentation_id]"
status: Requested
credentials:
  - id: "https://example.com/credentials/3732"
    issuer: "https://vercre.io"
    vc:
      "@context":
        - "https://www.w3.org/2018/credentials/v1"
        - "https://www.w3.org/2018/credentials/examples/v1"
      id: "https://example.com/credentials/3732"
      type:
        - VerifiableCredential
        - EmployeeIDCredential
      issuer: "https://example.com/issuers/14"
      credentialSubject:
        id: "did:example:ebfeb1f712ebc6f1c276e12ec21"
        employeeId: "1234567890"
      validFrom: "2023-11-20T23:21:55Z"
      validUntil: "2033-12-20T23:21:55Z"
    issued: "[issued]"
    issuance_date: "[issuance_date]"
