---
source: vercre-holder/tests/wallet_cred_def.rs
assertion_line: 97
expression: credentials
---
- id: "http://vercre.io/credentials/EmployeeIDCredential"
  issuer: "http://vercre.io"
  issued: "[issued]"
  type:
    - EmployeeIDCredential
    - VerifiableCredential
  format: jwt_vc_json
  claims:
    - address:
        locality: Wellington
        street_address: 123 Fake St
      email: normal.user@example.com
      family_name: Person
      given_name: Normal
  issuance_date: "[issuance_date]"
  display:
    - name: Employee ID
      locale: en-NZ
      logo:
        uri: "https://vercre.github.io/assets/employee.png"
        alt_text: Vercre Logo
      description: Vercre employee ID credential
      background_color: "#323ed2"
      background_image:
        uri: "https://vercre.github.io/assets/employee-background.png"
        alt_text: Vercre Background
      text_color: "#ffffff"
  logo:
    image: ""
    mediaType: ""
  background:
    image: ""
    mediaType: ""
