---
source: crates/openid/src/issuer.rs
assertion_line: 2150
expression: object.authorization_details
snapshot_kind: text
---
- type: openid_credential
  credential_configuration_id: EmployeeID_JWT
  credential_definition:
    credentialSubject:
      email: {}
      family_name: {}
      given_name: {}
