---
source: crates/openid/src/verifier.rs
assertion_line: 741
expression: "&req"
snapshot_kind: text
---
vp_token:
  - eyJ.etc
presentation_submission:
  id: 07b0d07c-f51e-4909-a1ab-d35e2cef20b0
  definition_id: 4b93b6aa-2157-4458-80ff-ffcefa3ff3b0
  descriptor_map:
    - id: employment
      format: jwt_vc_json
      path: $
      path_nested:
        format: jwt_vc_json
        path: "$.verifiableCredential[0]"
state: Z2VVKkglOWt-MkNDbX5VN05RRFI4ZkZeT01ZelEzQG8
