---
source: vercre-vci/src/endpoint/deferred.rs
assertion_line: 223
expression: state
---
credential_issuer: "http://credibil.io"
expires_at: "[expires_at]"
credentials:
  - EmployeeID_JWT
holder_id: normal_user
token:
  access_token: tkn-ABCDEF
  token_type: Bearer
  c_nonce: "[c_nonce]"
  c_nonce_expires_at: "[c_nonce_expires_at]"

