---
source: crates/did/src/key/resolver.rs
assertion_line: 131
expression: resolved
---
{
  "@context": "https://w3id.org/did-resolution/v1",
  "metadata": {
    "contentType": "application/did+ld+json",
    "did": {
      "didString": "did:key:z6MkhaXgBZDvotDkL5257faiztiGiC2QtKLGpbnnEGta2doK",
      "method": "key",
      "methodSpecificId": "z6MkhaXgBZDvotDkL5257faiztiGiC2QtKLGpbnnEGta2doK"
    },
    "pattern": "^did:key:z[a-km-zA-HJ-NP-Z1-9]+$"
  },
  "document": {
    "@context": [
      "https://www.w3.org/ns/did/v1",
      "https://w3id.org/security/data-integrity/v1"
    ],
    "id": "did:key:z6MkhaXgBZDvotDkL5257faiztiGiC2QtKLGpbnnEGta2doK",
    "verificationMethod": [
      {
        "id": "did:key:z6MkhaXgBZDvotDkL5257faiztiGiC2QtKLGpbnnEGta2doK#z6MkhaXgBZDvotDkL5257faiztiGiC2QtKLGpbnnEGta2doK",
        "controller": "did:key:z6MkhaXgBZDvotDkL5257faiztiGiC2QtKLGpbnnEGta2doK",
        "type": "Multikey",
        "publicKeyMultibase": "z6MkhaXgBZDvotDkL5257faiztiGiC2QtKLGpbnnEGta2doK"
      }
    ],
    "authentication": [
      "did:key:z6MkhaXgBZDvotDkL5257faiztiGiC2QtKLGpbnnEGta2doK#z6MkhaXgBZDvotDkL5257faiztiGiC2QtKLGpbnnEGta2doK"
    ],
    "assertionMethod": [
      "did:key:z6MkhaXgBZDvotDkL5257faiztiGiC2QtKLGpbnnEGta2doK#z6MkhaXgBZDvotDkL5257faiztiGiC2QtKLGpbnnEGta2doK"
    ],
    "keyAgreement": [
      {
        "id": "did:key:z6MkhaXgBZDvotDkL5257faiztiGiC2QtKLGpbnnEGta2doK#z6LSj72tK8brWgZja8NLRwPigth2T9QRiG1uH9oKZuKjdh9p",
        "controller": "did:key:z6MkhaXgBZDvotDkL5257faiztiGiC2QtKLGpbnnEGta2doK",
        "type": "Multikey",
        "publicKeyMultibase": "z6LSj72tK8brWgZja8NLRwPigth2T9QRiG1uH9oKZuKjdh9p"
      }
    ],
    "capabilityInvocation": [
      "did:key:z6MkhaXgBZDvotDkL5257faiztiGiC2QtKLGpbnnEGta2doK#z6MkhaXgBZDvotDkL5257faiztiGiC2QtKLGpbnnEGta2doK"
    ],
    "capabilityDelegation": [
      "did:key:z6MkhaXgBZDvotDkL5257faiztiGiC2QtKLGpbnnEGta2doK#z6MkhaXgBZDvotDkL5257faiztiGiC2QtKLGpbnnEGta2doK"
    ]
  }
}
